// Jest Snapshot v1, https://goo.gl/fbAQLP

exports[`WaveDivider renders 1`] = `
<svg
  class="wave"
  height="226"
  viewBox="0 0 1202 226"
  width="1202"
  xmlns="http://www.w3.org/2000/svg"
>
  <defs>
    <linearGradient
      gradientTransform="matrix(1, 0, 0, -1, 0, 227.8)"
      gradientUnits="userSpaceOnUse"
      id="linear-gradient"
      x1="600"
      x2="600"
      y1="47.26"
      y2="176.96"
    >
      <stop
        offset="0"
        stop-color="#fff"
      >
        
      </stop>
      <stop
        offset="1"
        stop-color="#d8d8d8"
      >
        
      </stop>
    </linearGradient>
    <linearGradient
      gradientTransform="matrix(1, 0, 0, -1, 0, 227.8)"
      gradientUnits="userSpaceOnUse"
      id="linear-gradient-2"
      x1="600"
      x2="600"
      y1="224.7"
      y2="70.2"
    >
      <stop
        offset="0.19"
        stop-color="#fff"
      >
        
      </stop>
      <stop
        offset="1"
        stop-color="#d8d8d8"
      >
        
      </stop>
    </linearGradient>
    <linearGradient
      href="#linear-gradient"
      id="linear-gradient-3"
      x1="146.95"
      x2="146.95"
      y1="82.92"
      y2="122.08"
    >
      
    </linearGradient>
    <linearGradient
      href="#linear-gradient-2"
      id="linear-gradient-4"
      x1="146.95"
      x2="146.95"
      y1="224.7"
      y2="70.2"
    >
      
    </linearGradient>
    <linearGradient
      href="#linear-gradient"
      id="linear-gradient-5"
      x1="1076.11"
      x2="1076.11"
      y1="102.31"
      y2="163.51"
    >
      
    </linearGradient>
    <linearGradient
      href="#linear-gradient-2"
      id="linear-gradient-6"
      x1="1128.83"
      x2="1061.33"
      y1="213.27"
      y2="87.28"
    >
      
    </linearGradient>
    <linearGradient
      gradientTransform="matrix(1, 0, 0, -1, 0, 228)"
      gradientUnits="userSpaceOnUse"
      id="linear-gradient-7"
      x1="28.8"
      x2="170.73"
      y1="115"
      y2="115"
    >
      <stop
        offset="0"
        stop-color="#fff"
      >
        
      </stop>
      <stop
        offset="1"
        stop-color="#fff"
        stop-opacity="0"
      >
        
      </stop>
    </linearGradient>
    <linearGradient
      href="#linear-gradient-7"
      id="linear-gradient-8"
      x1="1185.42"
      x2="1041.42"
      y1="113.95"
      y2="115.95"
    >
      
    </linearGradient>
    <linearGradient
      href="#linear-gradient-7"
      id="linear-gradient-9"
      x1="601"
      x2="601"
      y1="-2"
      y2="52.08"
    >
      
    </linearGradient>
    <linearGradient
      gradientTransform="matrix(1, 0, 0, 1, 0, 0)"
      href="#linear-gradient-7"
      id="linear-gradient-10"
      x1="600.78"
      x2="600.78"
      y1="222.98"
      y2="160.94"
    >
      
    </linearGradient>
    <linearGradient
      gradientTransform="translate(0.01 -0.21) rotate(0.02)"
      href="#linear-gradient-7"
      id="linear-gradient-11"
      x1="601.22"
      x2="601.22"
      y1="64.89"
      y2="2.85"
    >
      
    </linearGradient>
  </defs>
  <title>
    Artboard 1
  </title>
  <g
    dataname="Layer 1"
    id="Layer_1"
  >
    <g
      dataname="Layer 1"
      id="Layer_1-2"
    >
      <path
        class="cls1"
        d="M293.89,144.8c24.26,1.32,47.12,2.06,67.8,2.06,193,0,395.64-56,590.52-67C886.68,66.05,821.57,56.1,769.84,56.1,614.41,56.1,452.32,117.3,293.89,144.8Z"
      >
        
      </path>
      <g
        class="cls2"
      >
        <path
          class="cls3"
          d="M1200,146c-57.54-18-153.12-46.11-247.79-66.1-194.87,11.06-397.57,67-590.52,67-20.69,0-43.55-.74-67.8-2.06-46,8-91.66,13.16-136.77,13.16-42.2,0-100.58-6.26-157.12-14.1V224H1200Z"
        >
          
        </path>
        <g
          class="cls4"
        >
          <path
            d="M1200,146c-57.54-18-153.12-46.11-247.79-66.1-194.87,11.06-397.57,67-590.52,67-20.69,0-43.55-.74-67.8-2.06-46,8-91.66,13.16-136.77,13.16-42.2,0-100.58-6.26-157.12-14.1V224H1200Z"
          >
            
          </path>
        </g>
      </g>
      <path
        class="cls5"
        d="M769.84,56.1c51.74,0,116.84,10,182.38,23.79C973.58,78.68,994.85,78,1016,78c49.13,0,118.77,11.47,184,25.06V0H0V114.49c90.58,12.22,202.25,25.38,293.89,30.31C452.32,117.3,614.41,56.1,769.84,56.1Z"
      >
        
      </path>
      <g
        class="cls2"
      >
        <path
          class="cls6"
          d="M293.89,144.8C202.25,139.8,90.58,126.67,0,114.45V143.9C56.54,151.74,114.92,158,157.12,158,202.23,158,247.91,152.8,293.89,144.8Z"
        >
          
        </path>
        <g
          class="cls4"
        >
          <path
            d="M293.89,144.8C202.25,139.8,90.58,126.67,0,114.45V143.9C56.54,151.74,114.92,158,157.12,158,202.23,158,247.91,152.8,293.89,144.8Z"
          >
            
          </path>
        </g>
      </g>
      <path
        class="cls7"
        d="M293.89,144.8C202.25,139.8,90.58,126.67,0,114.45V143.9C56.54,151.74,114.92,158,157.12,158,202.23,158,247.91,152.8,293.89,144.8Z"
      >
        
      </path>
      <g
        class="cls2"
      >
        <path
          class="cls8"
          d="M952.21,79.89c94.67,20,190.24,48.11,247.79,66.1V103.05C1134.77,89.47,1065.13,78,1016,78,994.85,78,973.58,78.68,952.21,79.89Z"
        >
          
        </path>
        <g
          class="cls4"
        >
          <path
            d="M952.21,79.89c94.67,20,190.24,48.11,247.79,66.1V103.05C1134.77,89.47,1065.13,78,1016,78,994.85,78,973.58,78.68,952.21,79.89Z"
          >
            
          </path>
        </g>
      </g>
      <path
        class="cls9"
        d="M952.21,79.89c94.67,20,190.24,48.11,247.79,66.1V103.05C1134.77,89.47,1065.13,78,1016,78,994.85,78,973.58,78.68,952.21,79.89Z"
      >
        
      </path>
      <rect
        class="cls10"
        height="226"
        width="180"
      >
        
      </rect>
      <rect
        class="cls11"
        height="226"
        width="180"
        x="1020"
      >
        
      </rect>
      <rect
        class="cls12"
        height="72"
        width="1202"
        y="154"
      >
        
      </rect>
    </g>
  </g>
  <g
    dataname="Layer 2"
    id="Layer_2"
  >
    <rect
      class="cls13"
      height="67.5"
      width="1201.56"
      y="158.3"
    >
      
    </rect>
    <rect
      class="cls14"
      height="67.5"
      transform="translate(1202.45 67.7) rotate(179.98)"
      width="1201.56"
      x="0.44"
      y="0.21"
    >
      
    </rect>
  </g>
</svg>
`;
