// Jest Snapshot v1, https://goo.gl/fbAQLP

exports[`<Card /> renders 1`] = `
<div
  class="TDS_Box-modules__horizontalPaddingDesktop-4___awwLJ TDS_Box-modules__verticalPaddingDesktop-5___3geyg white"
>
  Children
</div>
`;
