// Jest Snapshot v1, https://goo.gl/fbAQLP

exports[`Radio renders 1`] = `
<div
  class="TDS_Box-modules__betweenBottomMarginDesktop-2___1XXWE TDS_Box-modules__stack___33m4D"
>
  <label
    for="the-group_the-value"
  >
    <span
      class="TDS_Box-modules__betweenRightMarginDesktop-3___1pe04 TDS_Box-modules__inline___jTHcz alignFlexStart"
    >
      <span
        class="fakeRadio unchecked"
        data-testid="fake-input"
      >
        <input
          aria-invalid="false"
          class="hiddenInput"
          id="the-group_the-value"
          name="the-group"
          type="radio"
          value="the-value"
        />
      </span>
      <span
        class="TDS_Text-modules__medium___2iIvC TDS_Typography-modules__wordBreak___11Xyp TDS_Text-modules__mediumFont___APMyT TDS_Text-modules__color___2axbI"
      >
        A label
      </span>
    </span>
  </label>
</div>
`;
