// Jest Snapshot v1, https://goo.gl/fbAQLP

exports[`Checkbox renders 1`] = `
<div
  class="TDS_Box-modules__betweenBottomMarginDesktop-2___1XXWE TDS_Box-modules__stack___33m4D"
>
  <label
    for="the-group-name_the-value"
  >
    <span
      class="TDS_Box-modules__betweenRightMarginDesktop-3___1pe04 TDS_Box-modules__inline___jTHcz alignFlexStart"
    >
      <span
        class="fakeCheckbox unchecked"
        data-testid="fake-input"
      >
        <input
          aria-invalid="false"
          class="hiddenInput"
          id="the-group-name_the-value"
          name="the-group-name"
          type="checkbox"
          value="the-value"
        />
      </span>
      <span
        class="TDS_Typography-modules__medium___2XcY8 TDS_Typography-modules__wordBreak___11Xyp TDS_Typography-modules__mediumFont___36OCZ TDS_Typography-modules__color___22Swj"
      >
        A label
      </span>
    </span>
  </label>
</div>
`;
