// Jest Snapshot v1, https://goo.gl/fbAQLP

exports[`Text renders 1`] = `
<span
  className="color medium mediumFont"
>
  Some content
</span>
`;
