// Jest Snapshot v1, https://goo.gl/fbAQLP

exports[`Box renders 1`] = `
<div
  className="verticalPadding-2"
>
  Some content
</div>
`;
