// Jest Snapshot v1, https://goo.gl/fbAQLP

exports[`Col renders 1`] = `
<Col
  className="flexGridColumn"
  xs={true}
>
  <div
    className="col-xs col-xs-offset flexGridColumn"
  >
    Some content
  </div>
</Col>
`;
