// Jest Snapshot v1, https://goo.gl/fbAQLP

exports[`Paragraph renders 1`] = `
<p
  className="color medium"
>
  Some content
</p>
`;
