// Jest Snapshot v1, https://goo.gl/fbAQLP

exports[`DisplayHeadingSub renders 1`] = `
<sub
  className="sub"
>
  Some content
</sub>
`;
