// Jest Snapshot v1, https://goo.gl/fbAQLP

exports[`<OrderedList /> renders 1`] = `
<ol
  class="TDS_Box-modules__betweenBottomMarginDesktop-2___1XXWE TDS_Box-modules__stack___33m4D decimal"
>
  <li>
    Lorem ipsum
  </li>
  <li>
    Dolor sit amet
  </li>
</ol>
`;
