// Jest Snapshot v1, https://goo.gl/fbAQLP

exports[`Headline matches snapshot 1`] = `
<HeadlineBlock
  eyebrow=""
  subcategory="Foo"
  title="Bar"
>
  <div
    className="headline-block__bg"
  >
    <div
      className="container container--limited-width"
    >
      <div
        className="grid-row"
      >
        <div
          className="medium-6 large-7 xl-7"
        >
          <p
            className="heading-4 headline-block--grape"
          />
          <h1
            className="display-heading-1"
          >
            Bar
          </h1>
        </div>
      </div>
    </div>
  </div>
</HeadlineBlock>
`;
