// Jest Snapshot v1, https://goo.gl/fbAQLP

exports[`<Icon /> renders 1`] = `
<i
  className="
    icon
    icon-core-checkmark
    icon-color--inherit
    
    icon--medium
    
  "
/>
`;
