// Jest Snapshot v1, https://goo.gl/fbAQLP

exports[`Button renders 1`] = `
<button
  className="button"
  type="button"
>
  <Flexbox
    dangerouslyAddClassName="primary"
    direction="row"
  >
    Submit
  </Flexbox>
</button>
`;
