// Jest Snapshot v1, https://goo.gl/fbAQLP

exports[`WithPadding renders 1`] = `
<div
  class="allPadding-3"
>
  Some content
</div>
`;
