// Jest Snapshot v1, https://goo.gl/fbAQLP

exports[`Responsive renders 1`] = `
<div>
  This is children
</div>
`;
