// Jest Snapshot v1, https://goo.gl/fbAQLP

exports[`OrderedItem <OrderedItem /> 1`] = `
<li>
  Some content
</li>
`;
