// Jest Snapshot v1, https://goo.gl/fbAQLP

exports[`Heading renders 1`] = `
<h1
  className="h1 secondary"
>
  Go home
</h1>
`;
