// Jest Snapshot v1, https://goo.gl/fbAQLP

exports[`Helper renders 1`] = `
<div
  class="default"
>
  Some helper text.
</div>
`;
