// Jest Snapshot v1, https://goo.gl/fbAQLP

exports[`<UnorderedList /> renders 1`] = `
<ul
  class="TDS_Box-modules__betweenBottomMarginDesktop-2___1XXWE TDS_Box-modules__stack___33m4D base"
>
  <li
    class="circle"
  >
    Lorem ipsum
  </li>
  <li
    class="circle"
  >
    Dolor sit amet
  </li>
</ul>
`;
