// Jest Snapshot v1, https://goo.gl/fbAQLP

exports[`Col renders 1`] = `
<Col
  xs={true}
>
  Some content
</Col>
`;
