// Jest Snapshot v1, https://goo.gl/fbAQLP

exports[`Col renders 1`] = `
<Row>
  <div
    className="row"
  >
    Some content
  </div>
</Row>
`;
