// Jest Snapshot v1, https://goo.gl/fbAQLP

exports[`UnorderedItem <UnorderedItem /> 1`] = `
<li
  className="base"
>
  <Icon
    className="
      fixedWidth
      icon
    "
    fixedWidth={false}
    glyph="location"
    size={null}
    variant={null}
  />
  Some content
</li>
`;
