// Jest Snapshot v1, https://goo.gl/fbAQLP

exports[`<Card /> renders 1`] = `
<div
  class="white"
  x="3"
  y="4"
>
  Children
</div>
`;
