// Jest Snapshot v1, https://goo.gl/fbAQLP

exports[`<OrderedList /> renders 1`] = `
<ol
  class="decimal"
>
  <li
    class="item"
  >
    Lorem ipsum
  </li>
  <li
    class="item"
  >
    Dolor sit amet
  </li>
</ol>
`;
