// Jest Snapshot v1, https://goo.gl/fbAQLP

exports[`ChevronLink renders 1`] = `
<a
  class="primary"
  href="test.com"
>
  Go home
  <span
    class="rightChevron"
  >
    <i
      aria-hidden="true"
      class="iconChevron size16"
    >
      
    </i>
  </span>
</a>
`;
