// Jest Snapshot v1, https://goo.gl/fbAQLP

exports[`InputFeedback renders 1`] = `
<div
  class="TDS_Box-modules__horizontalPaddingDesktop-3___tI5YR TDS_Box-modules__verticalPaddingDesktop-3___a3GtY default"
>
  Some inputFeedback text.
</div>
`;
