// Jest Snapshot v1, https://goo.gl/fbAQLP

exports[`ChevronLink renders 1`] = `
<a
  class="primary"
  href="test.com"
>
  <div
    class="TDS_Box-modules__betweenRightMarginDesktop-2___2mNnI TDS_Box-modules__inline___jTHcz"
  >
    <span>
      Go home
    </span>
    <span
      class="rightChevron"
    >
      <i
        aria-hidden="true"
        class="TDS_Icon-modules__iconChevron___u32Fg TDS_Icon-modules__icon___13xYd TDS_Icon-modules__size16___1pm12"
      />
    </span>
  </div>
</a>
`;
